// Jest Snapshot v1, https://goo.gl/fbAQLP

exports[`AttributedText Rendering should match to snapshot 1`] = `
<Text>
  Welcome to Ahiho!
</Text>
`;
